Archive member included to satisfy reference by file (symbol)

z:/softwares/stm32_cube_ide/stm32cubeide_1.0.2/stm32cubeide/plugins/com.st.stm32cube.ide.mcu.externaltools.gnu-tools-for-stm32.7-2018-q2-update.win32_1.0.0.201904181610/tools/bin/../lib/gcc/arm-none-eabi/7.3.1/../../../../arm-none-eabi/lib/thumb/v7e-m/fpv4-sp/hard\libc_nano.a(lib_a-errno.o)
                              Core/Src/syscalls.o (__errno)
z:/softwares/stm32_cube_ide/stm32cubeide_1.0.2/stm32cubeide/plugins/com.st.stm32cube.ide.mcu.externaltools.gnu-tools-for-stm32.7-2018-q2-update.win32_1.0.0.201904181610/tools/bin/../lib/gcc/arm-none-eabi/7.3.1/../../../../arm-none-eabi/lib/thumb/v7e-m/fpv4-sp/hard\libc_nano.a(lib_a-exit.o)
                              z:/softwares/stm32_cube_ide/stm32cubeide_1.0.2/stm32cubeide/plugins/com.st.stm32cube.ide.mcu.externaltools.gnu-tools-for-stm32.7-2018-q2-update.win32_1.0.0.201904181610/tools/bin/../lib/gcc/arm-none-eabi/7.3.1/../../../../arm-none-eabi/lib/thumb/v7e-m/fpv4-sp/hard/crt0.o (exit)
z:/softwares/stm32_cube_ide/stm32cubeide_1.0.2/stm32cubeide/plugins/com.st.stm32cube.ide.mcu.externaltools.gnu-tools-for-stm32.7-2018-q2-update.win32_1.0.0.201904181610/tools/bin/../lib/gcc/arm-none-eabi/7.3.1/../../../../arm-none-eabi/lib/thumb/v7e-m/fpv4-sp/hard\libc_nano.a(lib_a-impure.o)
                              z:/softwares/stm32_cube_ide/stm32cubeide_1.0.2/stm32cubeide/plugins/com.st.stm32cube.ide.mcu.externaltools.gnu-tools-for-stm32.7-2018-q2-update.win32_1.0.0.201904181610/tools/bin/../lib/gcc/arm-none-eabi/7.3.1/../../../../arm-none-eabi/lib/thumb/v7e-m/fpv4-sp/hard\libc_nano.a(lib_a-exit.o) (_global_impure_ptr)
z:/softwares/stm32_cube_ide/stm32cubeide_1.0.2/stm32cubeide/plugins/com.st.stm32cube.ide.mcu.externaltools.gnu-tools-for-stm32.7-2018-q2-update.win32_1.0.0.201904181610/tools/bin/../lib/gcc/arm-none-eabi/7.3.1/../../../../arm-none-eabi/lib/thumb/v7e-m/fpv4-sp/hard\libc_nano.a(lib_a-init.o)
                              z:/softwares/stm32_cube_ide/stm32cubeide_1.0.2/stm32cubeide/plugins/com.st.stm32cube.ide.mcu.externaltools.gnu-tools-for-stm32.7-2018-q2-update.win32_1.0.0.201904181610/tools/bin/../lib/gcc/arm-none-eabi/7.3.1/../../../../arm-none-eabi/lib/thumb/v7e-m/fpv4-sp/hard/crt0.o (__libc_init_array)
z:/softwares/stm32_cube_ide/stm32cubeide_1.0.2/stm32cubeide/plugins/com.st.stm32cube.ide.mcu.externaltools.gnu-tools-for-stm32.7-2018-q2-update.win32_1.0.0.201904181610/tools/bin/../lib/gcc/arm-none-eabi/7.3.1/../../../../arm-none-eabi/lib/thumb/v7e-m/fpv4-sp/hard\libc_nano.a(lib_a-memset.o)
                              z:/softwares/stm32_cube_ide/stm32cubeide_1.0.2/stm32cubeide/plugins/com.st.stm32cube.ide.mcu.externaltools.gnu-tools-for-stm32.7-2018-q2-update.win32_1.0.0.201904181610/tools/bin/../lib/gcc/arm-none-eabi/7.3.1/../../../../arm-none-eabi/lib/thumb/v7e-m/fpv4-sp/hard/crt0.o (memset)
z:/softwares/stm32_cube_ide/stm32cubeide_1.0.2/stm32cubeide/plugins/com.st.stm32cube.ide.mcu.externaltools.gnu-tools-for-stm32.7-2018-q2-update.win32_1.0.0.201904181610/tools/bin/../lib/gcc/arm-none-eabi/7.3.1/../../../../arm-none-eabi/lib/thumb/v7e-m/fpv4-sp/hard\libc_nano.a(lib_a-strlen.o)
                              Core/Src/main.o (strlen)
z:/softwares/stm32_cube_ide/stm32cubeide_1.0.2/stm32cubeide/plugins/com.st.stm32cube.ide.mcu.externaltools.gnu-tools-for-stm32.7-2018-q2-update.win32_1.0.0.201904181610/tools/bin/../lib/gcc/arm-none-eabi/7.3.1/thumb/v7e-m/fpv4-sp/hard\libgcc.a(_aeabi_uldivmod.o)
                              Drivers/STM32F4xx_HAL_Driver/Src/stm32f4xx_hal_rcc.o (__aeabi_uldivmod)
z:/softwares/stm32_cube_ide/stm32cubeide_1.0.2/stm32cubeide/plugins/com.st.stm32cube.ide.mcu.externaltools.gnu-tools-for-stm32.7-2018-q2-update.win32_1.0.0.201904181610/tools/bin/../lib/gcc/arm-none-eabi/7.3.1/thumb/v7e-m/fpv4-sp/hard\libgcc.a(_udivmoddi4.o)
                              z:/softwares/stm32_cube_ide/stm32cubeide_1.0.2/stm32cubeide/plugins/com.st.stm32cube.ide.mcu.externaltools.gnu-tools-for-stm32.7-2018-q2-update.win32_1.0.0.201904181610/tools/bin/../lib/gcc/arm-none-eabi/7.3.1/thumb/v7e-m/fpv4-sp/hard\libgcc.a(_aeabi_uldivmod.o) (__udivmoddi4)
z:/softwares/stm32_cube_ide/stm32cubeide_1.0.2/stm32cubeide/plugins/com.st.stm32cube.ide.mcu.externaltools.gnu-tools-for-stm32.7-2018-q2-update.win32_1.0.0.201904181610/tools/bin/../lib/gcc/arm-none-eabi/7.3.1/thumb/v7e-m/fpv4-sp/hard\libgcc.a(_dvmd_tls.o)
                              z:/softwares/stm32_cube_ide/stm32cubeide_1.0.2/stm32cubeide/plugins/com.st.stm32cube.ide.mcu.externaltools.gnu-tools-for-stm32.7-2018-q2-update.win32_1.0.0.201904181610/tools/bin/../lib/gcc/arm-none-eabi/7.3.1/thumb/v7e-m/fpv4-sp/hard\libgcc.a(_aeabi_uldivmod.o) (__aeabi_ldiv0)

Allocating common symbols
Common symbol       size              file

uwTick              0x4               Drivers/STM32F4xx_HAL_Driver/Src/stm32f4xx_hal.o
pFlash              0x20              Drivers/STM32F4xx_HAL_Driver/Src/stm32f4xx_hal_flash.o
[...]
Memory Configuration

Name             Origin             Length             Attributes
RAM              0x0000000020000000 0x0000000000020000 xrw
FLASH            0x0000000008000000 0x0000000000080000 xr
*default*        0x0000000000000000 0xffffffffffffffff

Linker script and memory map

LOAD z:/softwares/stm32_cube_ide/stm32cubeide_1.0.2/stm32cubeide/plugins/com.st.stm32cube.ide.mcu.externaltools.gnu-tools-for-stm32.7-2018-q2-update.win32_1.0.0.201904181610/tools/bin/../lib/gcc/arm-none-eabi/7.3.1/thumb/v7e-m/fpv4-sp/hard/crti.o
LOAD z:/softwares/stm32_cube_ide/stm32cubeide_1.0.2/stm32cubeide/plugins/com.st.stm32cube.ide.mcu.externaltools.gnu-tools-for-stm32.7-2018-q2-update.win32_1.0.0.201904181610/tools/bin/../lib/gcc/arm-none-eabi/7.3.1/thumb/v7e-m/fpv4-sp/hard/crtbegin.o
LOAD z:/softwares/stm32_cube_ide/stm32cubeide_1.0.2/stm32cubeide/plugins/com.st.stm32cube.ide.mcu.externaltools.gnu-tools-for-stm32.7-2018-q2-update.win32_1.0.0.201904181610/tools/bin/../lib/gcc/arm-none-eabi/7.3.1/../../../../arm-none-eabi/lib/thumb/v7e-m/fpv4-sp/hard/crt0.o
LOAD Core/Src/main.o
LOAD Core/Src/stm32f4xx_hal_msp.o
LOAD Core/Src/stm32f4xx_it.o
LOAD Core/Src/syscalls.o
LOAD Core/Src/sysmem.o
LOAD Core/Src/system_stm32f4xx.o
LOAD Core/Startup/startup_stm32f446retx.o
LOAD Drivers/STM32F4xx_HAL_Driver/Src/stm32f4xx_hal.o
LOAD Drivers/STM32F4xx_HAL_Driver/Src/stm32f4xx_hal_can.o
LOAD Drivers/STM32F4xx_HAL_Driver/Src/stm32f4xx_hal_cortex.o
LOAD Drivers/STM32F4xx_HAL_Driver/Src/stm32f4xx_hal_dma.o
LOAD Drivers/STM32F4xx_HAL_Driver/Src/stm32f4xx_hal_dma_ex.o
LOAD Drivers/STM32F4xx_HAL_Driver/Src/stm32f4xx_hal_exti.o
LOAD Drivers/STM32F4xx_HAL_Driver/Src/stm32f4xx_hal_flash.o
LOAD Drivers/STM32F4xx_HAL_Driver/Src/stm32f4xx_hal_flash_ex.o
LOAD Drivers/STM32F4xx_HAL_Driver/Src/stm32f4xx_hal_flash_ramfunc.o
LOAD Drivers/STM32F4xx_HAL_Driver/Src/stm32f4xx_hal_gpio.o
LOAD Drivers/STM32F4xx_HAL_Driver/Src/stm32f4xx_hal_pwr.o
LOAD Drivers/STM32F4xx_HAL_Driver/Src/stm32f4xx_hal_pwr_ex.o
LOAD Drivers/STM32F4xx_HAL_Driver/Src/stm32f4xx_hal_rcc.o
LOAD Drivers/STM32F4xx_HAL_Driver/Src/stm32f4xx_hal_rcc_ex.o
LOAD Drivers/STM32F4xx_HAL_Driver/Src/stm32f4xx_hal_tim.o
LOAD Drivers/STM32F4xx_HAL_Driver/Src/stm32f4xx_hal_tim_ex.o
LOAD Drivers/STM32F4xx_HAL_Driver/Src/stm32f4xx_hal_uart.o
START GROUP
LOAD z:/softwares/stm32_cube_ide/stm32cubeide_1.0.2/stm32cubeide/plugins/com.st.stm32cube.ide.mcu.externaltools.gnu-tools-for-stm32.7-2018-q2-update.win32_1.0.0.201904181610/tools/bin/../lib/gcc/arm-none-eabi/7.3.1/../../../../arm-none-eabi/lib/thumb/v7e-m/fpv4-sp/hard\libc_nano.a
LOAD z:/softwares/stm32_cube_ide/stm32cubeide_1.0.2/stm32cubeide/plugins/com.st.stm32cube.ide.mcu.externaltools.gnu-tools-for-stm32.7-2018-q2-update.win32_1.0.0.201904181610/tools/bin/../lib/gcc/arm-none-eabi/7.3.1/../../../../arm-none-eabi/lib/thumb/v7e-m/fpv4-sp/hard\libm.a
END GROUP
START GROUP
LOAD z:/softwares/stm32_cube_ide/stm32cubeide_1.0.2/stm32cubeide/plugins/com.st.stm32cube.ide.mcu.externaltools.gnu-tools-for-stm32.7-2018-q2-update.win32_1.0.0.201904181610/tools/bin/../lib/gcc/arm-none-eabi/7.3.1/thumb/v7e-m/fpv4-sp/hard\libgcc.a
LOAD z:/softwares/stm32_cube_ide/stm32cubeide_1.0.2/stm32cubeide/plugins/com.st.stm32cube.ide.mcu.externaltools.gnu-tools-for-stm32.7-2018-q2-update.win32_1.0.0.201904181610/tools/bin/../lib/gcc/arm-none-eabi/7.3.1/../../../../arm-none-eabi/lib/thumb/v7e-m/fpv4-sp/hard\libc_nano.a
END GROUP
START GROUP
LOAD z:/softwares/stm32_cube_ide/stm32cubeide_1.0.2/stm32cubeide/plugins/com.st.stm32cube.ide.mcu.externaltools.gnu-tools-for-stm32.7-2018-q2-update.win32_1.0.0.201904181610/tools/bin/../lib/gcc/arm-none-eabi/7.3.1/thumb/v7e-m/fpv4-sp/hard\libgcc.a
LOAD z:/softwares/stm32_cube_ide/stm32cubeide_1.0.2/stm32cubeide/plugins/com.st.stm32cube.ide.mcu.externaltools.gnu-tools-for-stm32.7-2018-q2-update.win32_1.0.0.201904181610/tools/bin/../lib/gcc/arm-none-eabi/7.3.1/../../../../arm-none-eabi/lib/thumb/v7e-m/fpv4-sp/hard\libc_nano.a
LOAD z:/softwares/stm32_cube_ide/stm32cubeide_1.0.2/stm32cubeide/plugins/com.st.stm32cube.ide.mcu.externaltools.gnu-tools-for-stm32.7-2018-q2-update.win32_1.0.0.201904181610/tools/bin/../lib/gcc/arm-none-eabi/7.3.1/../../../../arm-none-eabi/lib/thumb/v7e-m/fpv4-sp/hard\libnosys.a
END GROUP
START GROUP
LOAD z:/softwares/stm32_cube_ide/stm32cubeide_1.0.2/stm32cubeide/plugins/com.st.stm32cube.ide.mcu.externaltools.gnu-tools-for-stm32.7-2018-q2-update.win32_1.0.0.201904181610/tools/bin/../lib/gcc/arm-none-eabi/7.3.1/thumb/v7e-m/fpv4-sp/hard\libgcc.a
LOAD z:/softwares/stm32_cube_ide/stm32cubeide_1.0.2/stm32cubeide/plugins/com.st.stm32cube.ide.mcu.externaltools.gnu-tools-for-stm32.7-2018-q2-update.win32_1.0.0.201904181610/tools/bin/../lib/gcc/arm-none-eabi/7.3.1/../../../../arm-none-eabi/lib/thumb/v7e-m/fpv4-sp/hard\libc_nano.a
LOAD z:/softwares/stm32_cube_ide/stm32cubeide_1.0.2/stm32cubeide/plugins/com.st.stm32cube.ide.mcu.externaltools.gnu-tools-for-stm32.7-2018-q2-update.win32_1.0.0.201904181610/tools/bin/../lib/gcc/arm-none-eabi/7.3.1/../../../../arm-none-eabi/lib/thumb/v7e-m/fpv4-sp/hard\libnosys.a
END GROUP
LOAD z:/softwares/stm32_cube_ide/stm32cubeide_1.0.2/stm32cubeide/plugins/com.st.stm32cube.ide.mcu.externaltools.gnu-tools-for-stm32.7-2018-q2-update.win32_1.0.0.201904181610/tools/bin/../lib/gcc/arm-none-eabi/7.3.1/thumb/v7e-m/fpv4-sp/hard/crtend.o
LOAD z:/softwares/stm32_cube_ide/stm32cubeide_1.0.2/stm32cubeide/plugins/com.st.stm32cube.ide.mcu.externaltools.gnu-tools-for-stm32.7-2018-q2-update.win32_1.0.0.201904181610/tools/bin/../lib/gcc/arm-none-eabi/7.3.1/thumb/v7e-m/fpv4-sp/hard/crtn.o
                0x0000000020020000                _estack = (ORIGIN (RAM) + LENGTH (RAM))
                0x0000000000000200                _Min_Heap_Size = 0x200
                0x0000000000000400                _Min_Stack_Size = 0x400

.isr_vector     0x0000000008000000      0x1c4
                0x0000000008000000                . = ALIGN (0x4)
 *(.isr_vector)
 .isr_vector    0x0000000008000000      0x1c4 Core/Startup/startup_stm32f446retx.o
                0x0000000008000000                g_pfnVectors
                0x00000000080001c4                . = ALIGN (0x4)

.text           0x00000000080001c4     0x2260
                0x00000000080001c4                . = ALIGN (0x4)
 *(.text)
 .text          0x00000000080001c4       0x40 z:/softwares/stm32_cube_ide/stm32cubeide_1.0.2/stm32cubeide/plugins/com.st.stm32cube.ide.mcu.externaltools.gnu-tools-for-stm32.7-2018-q2-update.win32_1.0.0.201904181610/tools/bin/../lib/gcc/arm-none-eabi/7.3.1/thumb/v7e-m/fpv4-sp/hard/crtbegin.o
 .text          0x0000000008000204       0x30 z:/softwares/stm32_cube_ide/stm32cubeide_1.0.2/stm32cubeide/plugins/com.st.stm32cube.ide.mcu.externaltools.gnu-tools-for-stm32.7-2018-q2-update.win32_1.0.0.201904181610/tools/bin/../lib/gcc/arm-none-eabi/7.3.1/thumb/v7e-m/fpv4-sp/hard\libgcc.a(_aeabi_uldivmod.o)
                0x0000000008000204                __aeabi_uldivmod
 .text          0x0000000008000234      0x2cc z:/softwares/stm32_cube_ide/stm32cubeide_1.0.2/stm32cubeide/plugins/com.st.stm32cube.ide.mcu.externaltools.gnu-tools-for-stm32.7-2018-q2-update.win32_1.0.0.201904181610/tools/bin/../lib/gcc/arm-none-eabi/7.3.1/thumb/v7e-m/fpv4-sp/hard\libgcc.a(_udivmoddi4.o)
                0x0000000008000234                __udivmoddi4
 .text          0x0000000008000500        0x4 z:/softwares/stm32_cube_ide/stm32cubeide_1.0.2/stm32cubeide/plugins/com.st.stm32cube.ide.mcu.externaltools.gnu-tools-for-stm32.7-2018-q2-update.win32_1.0.0.201904181610/tools/bin/../lib/gcc/arm-none-eabi/7.3.1/thumb/v7e-m/fpv4-sp/hard\libgcc.a(_dvmd_tls.o)
                0x0000000008000500                __aeabi_idiv0
                0x0000000008000500                __aeabi_ldiv0
 *(.text*)
 .text.main     0x0000000008000504       0x1a Core/Src/main.o
                0x0000000008000504                main
 *fill*         0x000000000800051e        0x2 
 .text.SystemClock_Config
                0x0000000008000520       0xdc Core/Src/main.o
                0x0000000008000520                SystemClock_Config
 .text.MX_CAN1_Init
                0x00000000080005fc       0x6c Core/Src/main.o
 .text.MX_USART2_UART_Init
                0x0000000008000668       0x54 Core/Src/main.o
 .text.MX_GPIO_Init
                0x00000000080006bc       0xe0 Core/Src/main.o
 .text.Error_Handler
                0x000000000800079c        0xe Core/Src/main.o
                0x000000000800079c                Error_Handler
 *fill*         0x00000000080007aa        0x2 
 .text.HAL_MspInit
                0x00000000080007ac       0x50 Core/Src/stm32f4xx_hal_msp.o
                0x00000000080007ac                HAL_MspInit
 .text.HAL_CAN_MspInit
                0x00000000080007fc       0x90 Core/Src/stm32f4xx_hal_msp.o
                0x00000000080007fc                HAL_CAN_MspInit
 .text.HAL_UART_MspInit
                0x000000000800088c       0x90 Core/Src/stm32f4xx_hal_msp.o
                0x000000000800088c                HAL_UART_MspInit
 .text.NMI_Handler
                0x000000000800091c        0xe Core/Src/stm32f4xx_it.o
                0x000000000800091c                NMI_Handler
 .text.HardFault_Handler
                0x000000000800092a        0x6 Core/Src/stm32f4xx_it.o
                0x000000000800092a                HardFault_Handler
 .text.MemManage_Handler
                0x0000000008000930        0x6 Core/Src/stm32f4xx_it.o
                0x0000000008000930                MemManage_Handler
 .text.BusFault_Handler
                0x0000000008000936        0x6 Core/Src/stm32f4xx_it.o
                0x0000000008000936                BusFault_Handler
 .text.UsageFault_Handler
                0x000000000800093c        0x6 Core/Src/stm32f4xx_it.o
                0x000000000800093c                UsageFault_Handler
 .text.SVC_Handler
                0x0000000008000942        0xe Core/Src/stm32f4xx_it.o
                0x0000000008000942                SVC_Handler
 .text.DebugMon_Handler
                0x0000000008000950        0xe Core/Src/stm32f4xx_it.o
                0x0000000008000950                DebugMon_Handler
 .text.PendSV_Handler
                0x000000000800095e        0xe Core/Src/stm32f4xx_it.o
                0x000000000800095e                PendSV_Handler
 .text.SysTick_Handler
                0x000000000800096c        0xc Core/Src/stm32f4xx_it.o
                0x000000000800096c                SysTick_Handler
 .text.SystemInit
                0x0000000008000978       0x2c Core/Src/system_stm32f4xx.o
                0x0000000008000978                SystemInit
 .text.Reset_Handler
                0x00000000080009a4       0x50 Core/Startup/startup_stm32f446retx.o
                0x00000000080009a4                Reset_Handler
 .text.Default_Handler
                0x00000000080009f4        0x2 Core/Startup/startup_stm32f446retx.o
                0x00000000080009f4                RTC_Alarm_IRQHandler
                0x00000000080009f4                EXTI2_IRQHandler
                0x00000000080009f4                TIM8_CC_IRQHandler
                0x00000000080009f4                FMPI2C1_EV_IRQHandler
                0x00000000080009f4                SPI4_IRQHandler
                0x00000000080009f4                TIM1_CC_IRQHandler
                0x00000000080009f4                DMA2_Stream5_IRQHandler
                0x00000000080009f4                DMA1_Stream5_IRQHandler
                0x00000000080009f4                PVD_IRQHandler
                0x00000000080009f4                SDIO_IRQHandler
                0x00000000080009f4                TAMP_STAMP_IRQHandler
                0x00000000080009f4                CAN2_RX1_IRQHandler
                0x00000000080009f4                EXTI3_IRQHandler
                0x00000000080009f4                TIM8_TRG_COM_TIM14_IRQHandler
                0x00000000080009f4                TIM1_UP_TIM10_IRQHandler
                0x00000000080009f4                TIM8_UP_TIM13_IRQHandler
                0x00000000080009f4                I2C3_ER_IRQHandler
                0x00000000080009f4                EXTI0_IRQHandler
                0x00000000080009f4                I2C2_EV_IRQHandler
                0x00000000080009f4                DMA1_Stream2_IRQHandler
                0x00000000080009f4                CAN1_RX0_IRQHandler
                0x00000000080009f4                FPU_IRQHandler
                0x00000000080009f4                OTG_HS_WKUP_IRQHandler
                0x00000000080009f4                CAN2_SCE_IRQHandler
                0x00000000080009f4                DMA2_Stream2_IRQHandler
                0x00000000080009f4                SPI1_IRQHandler
                0x00000000080009f4                TIM6_DAC_IRQHandler
                0x00000000080009f4                TIM1_BRK_TIM9_IRQHandler
                0x00000000080009f4                DCMI_IRQHandler
                0x00000000080009f4                CAN2_RX0_IRQHandler
                0x00000000080009f4                DMA2_Stream3_IRQHandler
                0x00000000080009f4                SAI2_IRQHandler
                0x00000000080009f4                USART6_IRQHandler
                0x00000000080009f4                USART3_IRQHandler
                0x00000000080009f4                CAN1_RX1_IRQHandler
                0x00000000080009f4                UART5_IRQHandler
                0x00000000080009f4                DMA2_Stream0_IRQHandler
                0x00000000080009f4                TIM4_IRQHandler
                0x00000000080009f4                QUADSPI_IRQHandler
                0x00000000080009f4                I2C1_EV_IRQHandler
                0x00000000080009f4                DMA1_Stream6_IRQHandler
                0x00000000080009f4                DMA1_Stream1_IRQHandler
                0x00000000080009f4                UART4_IRQHandler
                0x00000000080009f4                TIM3_IRQHandler
                0x00000000080009f4                RCC_IRQHandler
                0x00000000080009f4                TIM8_BRK_TIM12_IRQHandler
                0x00000000080009f4                Default_Handler
                0x00000000080009f4                CEC_IRQHandler
                0x00000000080009f4                EXTI15_10_IRQHandler
                0x00000000080009f4                ADC_IRQHandler
                0x00000000080009f4                DMA1_Stream7_IRQHandler
                0x00000000080009f4                TIM7_IRQHandler
                0x00000000080009f4                CAN2_TX_IRQHandler
                0x00000000080009f4                TIM5_IRQHandler
                0x00000000080009f4                DMA2_Stream7_IRQHandler
                0x00000000080009f4                I2C3_EV_IRQHandler
                0x00000000080009f4                EXTI9_5_IRQHandler
                0x00000000080009f4                RTC_WKUP_IRQHandler
                0x00000000080009f4                SPDIF_RX_IRQHandler
                0x00000000080009f4                SPI2_IRQHandler
                0x00000000080009f4                OTG_HS_EP1_IN_IRQHandler
                0x00000000080009f4                DMA1_Stream0_IRQHandler
                0x00000000080009f4                CAN1_TX_IRQHandler
                0x00000000080009f4                FMPI2C1_ER_IRQHandler
                0x00000000080009f4                EXTI4_IRQHandler
                0x00000000080009f4                OTG_HS_EP1_OUT_IRQHandler
                0x00000000080009f4                WWDG_IRQHandler
                0x00000000080009f4                TIM2_IRQHandler
                0x00000000080009f4                OTG_FS_WKUP_IRQHandler
                0x00000000080009f4                TIM1_TRG_COM_TIM11_IRQHandler
                0x00000000080009f4                OTG_HS_IRQHandler
                0x00000000080009f4                EXTI1_IRQHandler
                0x00000000080009f4                USART2_IRQHandler
                0x00000000080009f4                I2C2_ER_IRQHandler
                0x00000000080009f4                DMA2_Stream1_IRQHandler
                0x00000000080009f4                CAN1_SCE_IRQHandler
                0x00000000080009f4                FLASH_IRQHandler
                0x00000000080009f4                DMA2_Stream4_IRQHandler
                0x00000000080009f4                USART1_IRQHandler
                0x00000000080009f4                OTG_FS_IRQHandler
                0x00000000080009f4                SPI3_IRQHandler
                0x00000000080009f4                DMA1_Stream4_IRQHandler
                0x00000000080009f4                I2C1_ER_IRQHandler
                0x00000000080009f4                FMC_IRQHandler
                0x00000000080009f4                DMA2_Stream6_IRQHandler
                0x00000000080009f4                SAI1_IRQHandler
                0x00000000080009f4                DMA1_Stream3_IRQHandler
 *fill*         0x00000000080009f6        0x2 
 .text.HAL_Init
                0x00000000080009f8       0x44 Drivers/STM32F4xx_HAL_Driver/Src/stm32f4xx_hal.o
                0x00000000080009f8                HAL_Init
 .text.HAL_InitTick
                0x0000000008000a3c       0x60 Drivers/STM32F4xx_HAL_Driver/Src/stm32f4xx_hal.o
                0x0000000008000a3c                HAL_InitTick
 .text.HAL_IncTick
                0x0000000008000a9c       0x28 Drivers/STM32F4xx_HAL_Driver/Src/stm32f4xx_hal.o
                0x0000000008000a9c                HAL_IncTick
 .text.HAL_GetTick
                0x0000000008000ac4       0x18 Drivers/STM32F4xx_HAL_Driver/Src/stm32f4xx_hal.o
                0x0000000008000ac4                HAL_GetTick
 .text.HAL_CAN_Init
                0x0000000008000adc      0x1f6 Drivers/STM32F4xx_HAL_Driver/Src/stm32f4xx_hal_can.o
                0x0000000008000adc                HAL_CAN_Init
 *fill*         0x0000000008000cd2        0x2 
 .text.__NVIC_SetPriorityGrouping
                0x0000000008000cd4       0x48 Drivers/STM32F4xx_HAL_Driver/Src/stm32f4xx_hal_cortex.o
 .text.__NVIC_GetPriorityGrouping
                0x0000000008000d1c       0x1c Drivers/STM32F4xx_HAL_Driver/Src/stm32f4xx_hal_cortex.o
 .text.__NVIC_SetPriority
                0x0000000008000d38       0x54 Drivers/STM32F4xx_HAL_Driver/Src/stm32f4xx_hal_cortex.o
 .text.NVIC_EncodePriority
                0x0000000008000d8c       0x66 Drivers/STM32F4xx_HAL_Driver/Src/stm32f4xx_hal_cortex.o
 *fill*         0x0000000008000df2        0x2 
 .text.SysTick_Config
                0x0000000008000df4       0x44 Drivers/STM32F4xx_HAL_Driver/Src/stm32f4xx_hal_cortex.o
 .text.HAL_NVIC_SetPriorityGrouping
                0x0000000008000e38       0x16 Drivers/STM32F4xx_HAL_Driver/Src/stm32f4xx_hal_cortex.o
                0x0000000008000e38                HAL_NVIC_SetPriorityGrouping
 .text.HAL_NVIC_SetPriority
                0x0000000008000e4e       0x38 Drivers/STM32F4xx_HAL_Driver/Src/stm32f4xx_hal_cortex.o
                0x0000000008000e4e                HAL_NVIC_SetPriority
 .text.HAL_SYSTICK_Config
                0x0000000008000e86       0x18 Drivers/STM32F4xx_HAL_Driver/Src/stm32f4xx_hal_cortex.o
                0x0000000008000e86                HAL_SYSTICK_Config
 *fill*         0x0000000008000e9e        0x2 
 .text.HAL_GPIO_Init
                0x0000000008000ea0      0x324 Drivers/STM32F4xx_HAL_Driver/Src/stm32f4xx_hal_gpio.o
                0x0000000008000ea0                HAL_GPIO_Init
 .text.HAL_GPIO_WritePin
                0x00000000080011c4       0x32 Drivers/STM32F4xx_HAL_Driver/Src/stm32f4xx_hal_gpio.o
                0x00000000080011c4                HAL_GPIO_WritePin
 *fill*         0x00000000080011f6        0x2 
 .text.HAL_RCC_ClockConfig
                0x00000000080011f8      0x1cc Drivers/STM32F4xx_HAL_Driver/Src/stm32f4xx_hal_rcc.o
                0x00000000080011f8                HAL_RCC_ClockConfig
 .text.HAL_RCC_GetHCLKFreq
                0x00000000080013c4       0x18 Drivers/STM32F4xx_HAL_Driver/Src/stm32f4xx_hal_rcc.o
                0x00000000080013c4                HAL_RCC_GetHCLKFreq
 .text.HAL_RCC_GetPCLK1Freq
                0x00000000080013dc       0x28 Drivers/STM32F4xx_HAL_Driver/Src/stm32f4xx_hal_rcc.o
                0x00000000080013dc                HAL_RCC_GetPCLK1Freq
 .text.HAL_RCC_GetPCLK2Freq
                0x0000000008001404       0x28 Drivers/STM32F4xx_HAL_Driver/Src/stm32f4xx_hal_rcc.o
                0x0000000008001404                HAL_RCC_GetPCLK2Freq
 .text.HAL_RCC_GetSysClockFreq
                0x000000000800142c      0x340 Drivers/STM32F4xx_HAL_Driver/Src/stm32f4xx_hal_rcc_ex.o
                0x000000000800142c                HAL_RCC_GetSysClockFreq
 .text.HAL_RCC_OscConfig
                0x000000000800176c      0x4b4 Drivers/STM32F4xx_HAL_Driver/Src/stm32f4xx_hal_rcc_ex.o
                0x000000000800176c                HAL_RCC_OscConfig
 .text.HAL_UART_Init
                0x0000000008001c20       0x9a Drivers/STM32F4xx_HAL_Driver/Src/stm32f4xx_hal_uart.o
                0x0000000008001c20                HAL_UART_Init
 *fill*         0x0000000008001cba        0x2 
 .text.UART_SetConfig
                0x0000000008001cbc      0x6f8 Drivers/STM32F4xx_HAL_Driver/Src/stm32f4xx_hal_uart.o
 .text.__libc_init_array
                0x00000000080023b4       0x48 z:/softwares/stm32_cube_ide/stm32cubeide_1.0.2/stm32cubeide/plugins/com.st.stm32cube.ide.mcu.externaltools.gnu-tools-for-stm32.7-2018-q2-update.win32_1.0.0.201904181610/tools/bin/../lib/gcc/arm-none-eabi/7.3.1/../../../../arm-none-eabi/lib/thumb/v7e-m/fpv4-sp/hard\libc_nano.a(lib_a-init.o)
                0x00000000080023b4                __libc_init_array
 .text.memset   0x00000000080023fc       0x10 z:/softwares/stm32_cube_ide/stm32cubeide_1.0.2/stm32cubeide/plugins/com.st.stm32cube.ide.mcu.externaltools.gnu-tools-for-stm32.7-2018-q2-update.win32_1.0.0.201904181610/tools/bin/../lib/gcc/arm-none-eabi/7.3.1/../../../../arm-none-eabi/lib/thumb/v7e-m/fpv4-sp/hard\libc_nano.a(lib_a-memset.o)
                0x00000000080023fc                memset
 *(.glue_7)
 .glue_7        0x000000000800240c        0x0 linker stubs
 *(.glue_7t)
 .glue_7t       0x000000000800240c        0x0 linker stubs
 *(.eh_frame)
 .eh_frame      0x000000000800240c        0x0 z:/softwares/stm32_cube_ide/stm32cubeide_1.0.2/stm32cubeide/plugins/com.st.stm32cube.ide.mcu.externaltools.gnu-tools-for-stm32.7-2018-q2-update.win32_1.0.0.201904181610/tools/bin/../lib/gcc/arm-none-eabi/7.3.1/thumb/v7e-m/fpv4-sp/hard/crtbegin.o
 *(.init)
 .init          0x000000000800240c        0x4 z:/softwares/stm32_cube_ide/stm32cubeide_1.0.2/stm32cubeide/plugins/com.st.stm32cube.ide.mcu.externaltools.gnu-tools-for-stm32.7-2018-q2-update.win32_1.0.0.201904181610/tools/bin/../lib/gcc/arm-none-eabi/7.3.1/thumb/v7e-m/fpv4-sp/hard/crti.o
                0x000000000800240c                _init
 .init          0x0000000008002410        0x8 z:/softwares/stm32_cube_ide/stm32cubeide_1.0.2/stm32cubeide/plugins/com.st.stm32cube.ide.mcu.externaltools.gnu-tools-for-stm32.7-2018-q2-update.win32_1.0.0.201904181610/tools/bin/../lib/gcc/arm-none-eabi/7.3.1/thumb/v7e-m/fpv4-sp/hard/crtn.o
 *(.fini)
 .fini          0x0000000008002418        0x4 z:/softwares/stm32_cube_ide/stm32cubeide_1.0.2/stm32cubeide/plugins/com.st.stm32cube.ide.mcu.externaltools.gnu-tools-for-stm32.7-2018-q2-update.win32_1.0.0.201904181610/tools/bin/../lib/gcc/arm-none-eabi/7.3.1/thumb/v7e-m/fpv4-sp/hard/crti.o
                0x0000000008002418                _fini
 .fini          0x000000000800241c        0x8 z:/softwares/stm32_cube_ide/stm32cubeide_1.0.2/stm32cubeide/plugins/com.st.stm32cube.ide.mcu.externaltools.gnu-tools-for-stm32.7-2018-q2-update.win32_1.0.0.201904181610/tools/bin/../lib/gcc/arm-none-eabi/7.3.1/thumb/v7e-m/fpv4-sp/hard/crtn.o
                0x0000000008002424                . = ALIGN (0x4)
                0x0000000008002424                _etext = .

.vfp11_veneer   0x0000000008002424        0x0
 .vfp11_veneer  0x0000000008002424        0x0 linker stubs

.v4_bx          0x0000000008002424        0x0
 .v4_bx         0x0000000008002424        0x0 linker stubs

.iplt           0x0000000008002424        0x0
 .iplt          0x0000000008002424        0x0 z:/softwares/stm32_cube_ide/stm32cubeide_1.0.2/stm32cubeide/plugins/com.st.stm32cube.ide.mcu.externaltools.gnu-tools-for-stm32.7-2018-q2-update.win32_1.0.0.201904181610/tools/bin/../lib/gcc/arm-none-eabi/7.3.1/thumb/v7e-m/fpv4-sp/hard/crtbegin.o

.rodata         0x0000000008002424       0x18
                0x0000000008002424                . = ALIGN (0x4)
 *(.rodata)
 *(.rodata*)
 .rodata.AHBPrescTable
                0x0000000008002424       0x10 Core/Src/system_stm32f4xx.o
                0x0000000008002424                AHBPrescTable
 .rodata.APBPrescTable
                0x0000000008002434        0x8 Core/Src/system_stm32f4xx.o
                0x0000000008002434                APBPrescTable
                0x000000000800243c                . = ALIGN (0x4)

.ARM.extab      0x000000000800243c        0x0
                0x000000000800243c                . = ALIGN (0x4)
 *(.ARM.extab* .gnu.linkonce.armextab.*)
                0x000000000800243c                . = ALIGN (0x4)

.ARM            0x000000000800243c        0x8
                0x000000000800243c                . = ALIGN (0x4)
                0x000000000800243c                __exidx_start = .
 *(.ARM.exidx*)
 .ARM.exidx     0x000000000800243c        0x8 z:/softwares/stm32_cube_ide/stm32cubeide_1.0.2/stm32cubeide/plugins/com.st.stm32cube.ide.mcu.externaltools.gnu-tools-for-stm32.7-2018-q2-update.win32_1.0.0.201904181610/tools/bin/../lib/gcc/arm-none-eabi/7.3.1/thumb/v7e-m/fpv4-sp/hard\libgcc.a(_udivmoddi4.o)
                0x0000000008002444                __exidx_end = .
                0x0000000008002444                . = ALIGN (0x4)

.rel.dyn        0x0000000008002444        0x0
 .rel.iplt      0x0000000008002444        0x0 z:/softwares/stm32_cube_ide/stm32cubeide_1.0.2/stm32cubeide/plugins/com.st.stm32cube.ide.mcu.externaltools.gnu-tools-for-stm32.7-2018-q2-update.win32_1.0.0.201904181610/tools/bin/../lib/gcc/arm-none-eabi/7.3.1/thumb/v7e-m/fpv4-sp/hard/crtbegin.o

.preinit_array  0x0000000008002444        0x0
                0x0000000008002444                . = ALIGN (0x4)
                0x0000000008002444                PROVIDE (__preinit_array_start = .)
 *(.preinit_array*)
                0x0000000008002444                PROVIDE (__preinit_array_end = .)
                0x0000000008002444                . = ALIGN (0x4)

.init_array     0x0000000008002444        0x4
                0x0000000008002444                . = ALIGN (0x4)
                0x0000000008002444                PROVIDE (__init_array_start = .)
 *(SORT_BY_NAME(.init_array.*))
 *(.init_array*)
 .init_array    0x0000000008002444        0x4 z:/softwares/stm32_cube_ide/stm32cubeide_1.0.2/stm32cubeide/plugins/com.st.stm32cube.ide.mcu.externaltools.gnu-tools-for-stm32.7-2018-q2-update.win32_1.0.0.201904181610/tools/bin/../lib/gcc/arm-none-eabi/7.3.1/thumb/v7e-m/fpv4-sp/hard/crtbegin.o
                0x0000000008002448                PROVIDE (__init_array_end = .)
                0x0000000008002448                . = ALIGN (0x4)

.fini_array     0x0000000008002448        0x4
                0x0000000008002448                . = ALIGN (0x4)
                [!provide]                        PROVIDE (__fini_array_start = .)
 *(SORT_BY_NAME(.fini_array.*))
 *(.fini_array*)
 .fini_array    0x0000000008002448        0x4 z:/softwares/stm32_cube_ide/stm32cubeide_1.0.2/stm32cubeide/plugins/com.st.stm32cube.ide.mcu.externaltools.gnu-tools-for-stm32.7-2018-q2-update.win32_1.0.0.201904181610/tools/bin/../lib/gcc/arm-none-eabi/7.3.1/thumb/v7e-m/fpv4-sp/hard/crtbegin.o
                [!provide]                        PROVIDE (__fini_array_end = .)
                0x000000000800244c                . = ALIGN (0x4)
                0x000000000800244c                _sidata = LOADADDR (.data)

.data           0x0000000020000000        0xc load address 0x000000000800244c
                0x0000000020000000                . = ALIGN (0x4)
                0x0000000020000000                _sdata = .
 *(.data)
 *(.data*)
 .data.SystemCoreClock
                0x0000000020000000        0x4 Core/Src/system_stm32f4xx.o
                0x0000000020000000                SystemCoreClock
 .data.uwTickPrio
                0x0000000020000004        0x4 Drivers/STM32F4xx_HAL_Driver/Src/stm32f4xx_hal.o
                0x0000000020000004                uwTickPrio
 .data.uwTickFreq
                0x0000000020000008        0x1 Drivers/STM32F4xx_HAL_Driver/Src/stm32f4xx_hal.o
                0x0000000020000008                uwTickFreq
                0x000000002000000c                . = ALIGN (0x4)
 *fill*         0x0000000020000009        0x3 
                0x000000002000000c                _edata = .

.igot.plt       0x000000002000000c        0x0 load address 0x0000000008002458
 .igot.plt      0x000000002000000c        0x0 z:/softwares/stm32_cube_ide/stm32cubeide_1.0.2/stm32cubeide/plugins/com.st.stm32cube.ide.mcu.externaltools.gnu-tools-for-stm32.7-2018-q2-update.win32_1.0.0.201904181610/tools/bin/../lib/gcc/arm-none-eabi/7.3.1/thumb/v7e-m/fpv4-sp/hard/crtbegin.o
                0x000000002000000c                . = ALIGN (0x4)

.bss            0x000000002000000c       0x88 load address 0x0000000008002458
                0x000000002000000c                _sbss = .
                0x000000002000000c                __bss_start__ = _sbss
 *(.bss)
 .bss           0x000000002000000c       0x1c z:/softwares/stm32_cube_ide/stm32cubeide_1.0.2/stm32cubeide/plugins/com.st.stm32cube.ide.mcu.externaltools.gnu-tools-for-stm32.7-2018-q2-update.win32_1.0.0.201904181610/tools/bin/../lib/gcc/arm-none-eabi/7.3.1/thumb/v7e-m/fpv4-sp/hard/crtbegin.o
 *(.bss*)
 *(COMMON)
 COMMON         0x0000000020000028       0x68 Core/Src/main.o
                0x0000000020000028                huart2
                0x0000000020000068                hcan1
 COMMON         0x0000000020000090        0x4 Drivers/STM32F4xx_HAL_Driver/Src/stm32f4xx_hal.o
                0x0000000020000090                uwTick
                0x0000000020000094                . = ALIGN (0x4)
                0x0000000020000094                _ebss = .
                0x0000000020000094                __bss_end__ = _ebss

._user_heap_stack
                0x0000000020000094      0x604 load address 0x0000000008002458
                0x0000000020000098                . = ALIGN (0x8)
 *fill*         0x0000000020000094        0x4 
                0x0000000020000098                PROVIDE (end = .)
                [!provide]                        PROVIDE (_end = .)
                0x0000000020000298                . = (. + _Min_Heap_Size)
 *fill*         0x0000000020000098      0x200 
                0x0000000020000698                . = (. + _Min_Stack_Size)
 *fill*         0x0000000020000298      0x400 
                0x0000000020000698                . = ALIGN (0x8)

/DISCARD/
 libc.a(*)
 libm.a(*)
 libgcc.a(*)

.ARM.attributes
                0x0000000000000000       0x30
 *(.ARM.attributes)
 .ARM.attributes
                0x0000000000000000       0x22 z:/softwares/stm32_cube_ide/stm32cubeide_1.0.2/stm32cubeide/plugins/com.st.stm32cube.ide.mcu.externaltools.gnu-tools-for-stm32.7-2018-q2-update.win32_1.0.0.201904181610/tools/bin/../lib/gcc/arm-none-eabi/7.3.1/thumb/v7e-m/fpv4-sp/hard/crti.o
 .ARM.attributes
                0x0000000000000022       0x34 z:/softwares/stm32_cube_ide/stm32cubeide_1.0.2/stm32cubeide/plugins/com.st.stm32cube.ide.mcu.externaltools.gnu-tools-for-stm32.7-2018-q2-update.win32_1.0.0.201904181610/tools/bin/../lib/gcc/arm-none-eabi/7.3.1/thumb/v7e-m/fpv4-sp/hard/crtbegin.o
 .ARM.attributes
                0x0000000000000056       0x39 Core/Src/main.o
 .ARM.attributes
                0x000000000000008f       0x39 Core/Src/stm32f4xx_hal_msp.o
 .ARM.attributes
                0x00000000000000c8       0x39 Core/Src/stm32f4xx_it.o
 .ARM.attributes
                0x0000000000000101       0x39 Core/Src/system_stm32f4xx.o
 .ARM.attributes
                0x000000000000013a       0x21 Core/Startup/startup_stm32f446retx.o
 .ARM.attributes
                0x000000000000015b       0x39 Drivers/STM32F4xx_HAL_Driver/Src/stm32f4xx_hal.o
 .ARM.attributes
                0x0000000000000194       0x39 Drivers/STM32F4xx_HAL_Driver/Src/stm32f4xx_hal_can.o
 .ARM.attributes
                0x00000000000001cd       0x39 Drivers/STM32F4xx_HAL_Driver/Src/stm32f4xx_hal_cortex.o
 .ARM.attributes
                0x0000000000000206       0x39 Drivers/STM32F4xx_HAL_Driver/Src/stm32f4xx_hal_gpio.o
 .ARM.attributes
                0x000000000000023f       0x39 Drivers/STM32F4xx_HAL_Driver/Src/stm32f4xx_hal_rcc.o
 .ARM.attributes
                0x0000000000000278       0x39 Drivers/STM32F4xx_HAL_Driver/Src/stm32f4xx_hal_rcc_ex.o
 .ARM.attributes
                0x00000000000002b1       0x39 Drivers/STM32F4xx_HAL_Driver/Src/stm32f4xx_hal_uart.o
 .ARM.attributes
                0x00000000000002ea       0x34 z:/softwares/stm32_cube_ide/stm32cubeide_1.0.2/stm32cubeide/plugins/com.st.stm32cube.ide.mcu.externaltools.gnu-tools-for-stm32.7-2018-q2-update.win32_1.0.0.201904181610/tools/bin/../lib/gcc/arm-none-eabi/7.3.1/../../../../arm-none-eabi/lib/thumb/v7e-m/fpv4-sp/hard\libc_nano.a(lib_a-init.o)
 .ARM.attributes
                0x000000000000031e       0x34 z:/softwares/stm32_cube_ide/stm32cubeide_1.0.2/stm32cubeide/plugins/com.st.stm32cube.ide.mcu.externaltools.gnu-tools-for-stm32.7-2018-q2-update.win32_1.0.0.201904181610/tools/bin/../lib/gcc/arm-none-eabi/7.3.1/../../../../arm-none-eabi/lib/thumb/v7e-m/fpv4-sp/hard\libc_nano.a(lib_a-memset.o)
 .ARM.attributes
                0x0000000000000352       0x22 z:/softwares/stm32_cube_ide/stm32cubeide_1.0.2/stm32cubeide/plugins/com.st.stm32cube.ide.mcu.externaltools.gnu-tools-for-stm32.7-2018-q2-update.win32_1.0.0.201904181610/tools/bin/../lib/gcc/arm-none-eabi/7.3.1/thumb/v7e-m/fpv4-sp/hard\libgcc.a(_aeabi_uldivmod.o)
 .ARM.attributes
                0x0000000000000374       0x34 z:/softwares/stm32_cube_ide/stm32cubeide_1.0.2/stm32cubeide/plugins/com.st.stm32cube.ide.mcu.externaltools.gnu-tools-for-stm32.7-2018-q2-update.win32_1.0.0.201904181610/tools/bin/../lib/gcc/arm-none-eabi/7.3.1/thumb/v7e-m/fpv4-sp/hard\libgcc.a(_udivmoddi4.o)
 .ARM.attributes
                0x00000000000003a8       0x22 z:/softwares/stm32_cube_ide/stm32cubeide_1.0.2/stm32cubeide/plugins/com.st.stm32cube.ide.mcu.externaltools.gnu-tools-for-stm32.7-2018-q2-update.win32_1.0.0.201904181610/tools/bin/../lib/gcc/arm-none-eabi/7.3.1/thumb/v7e-m/fpv4-sp/hard\libgcc.a(_dvmd_tls.o)
 .ARM.attributes
                0x00000000000003ca       0x22 z:/softwares/stm32_cube_ide/stm32cubeide_1.0.2/stm32cubeide/plugins/com.st.stm32cube.ide.mcu.externaltools.gnu-tools-for-stm32.7-2018-q2-update.win32_1.0.0.201904181610/tools/bin/../lib/gcc/arm-none-eabi/7.3.1/thumb/v7e-m/fpv4-sp/hard/crtn.o
OUTPUT(can1-loopbackMode.elf elf32-littlearm)

.debug_info     0x0000000000000000     0x826d
 .debug_info    0x0000000000000000     0x1815 Core/Src/main.o
 .debug_info    0x0000000000001815      0xdac Core/Src/stm32f4xx_hal_msp.o
 .debug_info    0x00000000000025c1      0x20a Core/Src/stm32f4xx_it.o
 .debug_info    0x00000000000027cb      0x588 Core/Src/system_stm32f4xx.o
 .debug_info    0x0000000000002d53       0x22 Core/Startup/startup_stm32f446retx.o
 .debug_info    0x0000000000002d75      0x997 Drivers/STM32F4xx_HAL_Driver/Src/stm32f4xx_hal.o
 .debug_info    0x000000000000370c      0xfb3 Drivers/STM32F4xx_HAL_Driver/Src/stm32f4xx_hal_can.o
 .debug_info    0x00000000000046bf      0xe46 Drivers/STM32F4xx_HAL_Driver/Src/stm32f4xx_hal_cortex.o
 .debug_info    0x0000000000005505      0x803 Drivers/STM32F4xx_HAL_Driver/Src/stm32f4xx_hal_gpio.o
 .debug_info    0x0000000000005d08      0x944 Drivers/STM32F4xx_HAL_Driver/Src/stm32f4xx_hal_rcc.o
 .debug_info    0x000000000000664c      0x9d5 Drivers/STM32F4xx_HAL_Driver/Src/stm32f4xx_hal_rcc_ex.o
 .debug_info    0x0000000000007021     0x124c Drivers/STM32F4xx_HAL_Driver/Src/stm32f4xx_hal_uart.o

.debug_abbrev   0x0000000000000000     0x1523
 .debug_abbrev  0x0000000000000000      0x272 Core/Src/main.o
 .debug_abbrev  0x0000000000000272      0x1b7 Core/Src/stm32f4xx_hal_msp.o
 .debug_abbrev  0x0000000000000429       0xc6 Core/Src/stm32f4xx_it.o
 .debug_abbrev  0x00000000000004ef      0x12b Core/Src/system_stm32f4xx.o
 .debug_abbrev  0x000000000000061a       0x12 Core/Startup/startup_stm32f446retx.o
 .debug_abbrev  0x000000000000062c      0x1c7 Drivers/STM32F4xx_HAL_Driver/Src/stm32f4xx_hal.o
 .debug_abbrev  0x00000000000007f3      0x22a Drivers/STM32F4xx_HAL_Driver/Src/stm32f4xx_hal_can.o
 .debug_abbrev  0x0000000000000a1d      0x2fa Drivers/STM32F4xx_HAL_Driver/Src/stm32f4xx_hal_cortex.o
 .debug_abbrev  0x0000000000000d17      0x1c9 Drivers/STM32F4xx_HAL_Driver/Src/stm32f4xx_hal_gpio.o
 .debug_abbrev  0x0000000000000ee0      0x245 Drivers/STM32F4xx_HAL_Driver/Src/stm32f4xx_hal_rcc.o
 .debug_abbrev  0x0000000000001125      0x1bc Drivers/STM32F4xx_HAL_Driver/Src/stm32f4xx_hal_rcc_ex.o
 .debug_abbrev  0x00000000000012e1      0x242 Drivers/STM32F4xx_HAL_Driver/Src/stm32f4xx_hal_uart.o

.debug_aranges  0x0000000000000000      0x7a8
 .debug_aranges
                0x0000000000000000       0x50 Core/Src/main.o
 .debug_aranges
                0x0000000000000050       0x40 Core/Src/stm32f4xx_hal_msp.o
 .debug_aranges
                0x0000000000000090       0x60 Core/Src/stm32f4xx_it.o
 .debug_aranges
                0x00000000000000f0       0x28 Core/Src/system_stm32f4xx.o
 .debug_aranges
                0x0000000000000118       0x28 Core/Startup/startup_stm32f446retx.o
 .debug_aranges
                0x0000000000000140       0xf0 Drivers/STM32F4xx_HAL_Driver/Src/stm32f4xx_hal.o
 .debug_aranges
                0x0000000000000230      0x138 Drivers/STM32F4xx_HAL_Driver/Src/stm32f4xx_hal_can.o
 .debug_aranges
                0x0000000000000368      0x118 Drivers/STM32F4xx_HAL_Driver/Src/stm32f4xx_hal_cortex.o
 .debug_aranges
                0x0000000000000480       0x58 Drivers/STM32F4xx_HAL_Driver/Src/stm32f4xx_hal_gpio.o
 .debug_aranges
                0x00000000000004d8       0x88 Drivers/STM32F4xx_HAL_Driver/Src/stm32f4xx_hal_rcc.o
 .debug_aranges
                0x0000000000000560       0x78 Drivers/STM32F4xx_HAL_Driver/Src/stm32f4xx_hal_rcc_ex.o
 .debug_aranges
                0x00000000000005d8      0x1d0 Drivers/STM32F4xx_HAL_Driver/Src/stm32f4xx_hal_uart.o

.debug_ranges   0x0000000000000000      0x6f0
 .debug_ranges  0x0000000000000000       0x40 Core/Src/main.o
 .debug_ranges  0x0000000000000040       0x30 Core/Src/stm32f4xx_hal_msp.o
 .debug_ranges  0x0000000000000070       0x50 Core/Src/stm32f4xx_it.o
 .debug_ranges  0x00000000000000c0       0x18 Core/Src/system_stm32f4xx.o
 .debug_ranges  0x00000000000000d8       0x20 Core/Startup/startup_stm32f446retx.o
 .debug_ranges  0x00000000000000f8       0xe0 Drivers/STM32F4xx_HAL_Driver/Src/stm32f4xx_hal.o
 .debug_ranges  0x00000000000001d8      0x128 Drivers/STM32F4xx_HAL_Driver/Src/stm32f4xx_hal_can.o
 .debug_ranges  0x0000000000000300      0x108 Drivers/STM32F4xx_HAL_Driver/Src/stm32f4xx_hal_cortex.o
 .debug_ranges  0x0000000000000408       0x48 Drivers/STM32F4xx_HAL_Driver/Src/stm32f4xx_hal_gpio.o
 .debug_ranges  0x0000000000000450       0x78 Drivers/STM32F4xx_HAL_Driver/Src/stm32f4xx_hal_rcc.o
 .debug_ranges  0x00000000000004c8       0x68 Drivers/STM32F4xx_HAL_Driver/Src/stm32f4xx_hal_rcc_ex.o
 .debug_ranges  0x0000000000000530      0x1c0 Drivers/STM32F4xx_HAL_Driver/Src/stm32f4xx_hal_uart.o

.debug_macro    0x0000000000000000    0x2118b
 .debug_macro   0x0000000000000000      0x359 Core/Src/main.o
 .debug_macro   0x0000000000000359      0xa5a Core/Src/main.o
 .debug_macro   0x0000000000000db3      0x18a Core/Src/main.o
 .debug_macro   0x0000000000000f3d       0x32 Core/Src/main.o
 .debug_macro   0x0000000000000f6f       0x28 Core/Src/main.o
 .debug_macro   0x0000000000000f97       0x22 Core/Src/main.o
 .debug_macro   0x0000000000000fb9       0x8e Core/Src/main.o
 .debug_macro   0x0000000000001047       0x51 Core/Src/main.o
 .debug_macro   0x0000000000001098       0xef Core/Src/main.o
 .debug_macro   0x0000000000001187       0x6a Core/Src/main.o
 .debug_macro   0x00000000000011f1      0x1df Core/Src/main.o
 .debug_macro   0x00000000000013d0       0x1c Core/Src/main.o
 .debug_macro   0x00000000000013ec       0x22 Core/Src/main.o
 .debug_macro   0x000000000000140e       0xdf Core/Src/main.o
 .debug_macro   0x00000000000014ed     0x102d Core/Src/main.o
 .debug_macro   0x000000000000251a      0x11f Core/Src/main.o
 .debug_macro   0x0000000000002639    0x1672d Core/Src/main.o
 .debug_macro   0x0000000000018d66       0x43 Core/Src/main.o
 .debug_macro   0x0000000000018da9     0x3652 Core/Src/main.o
 .debug_macro   0x000000000001c3fb      0x174 Core/Src/main.o
 .debug_macro   0x000000000001c56f       0x5a Core/Src/main.o
 .debug_macro   0x000000000001c5c9      0xc90 Core/Src/main.o
 .debug_macro   0x000000000001d259      0x9fe Core/Src/main.o
 .debug_macro   0x000000000001dc57      0x16d Core/Src/main.o
 .debug_macro   0x000000000001ddc4      0x117 Core/Src/main.o
 .debug_macro   0x000000000001dedb      0x1a0 Core/Src/main.o
 .debug_macro   0x000000000001e07b       0x27 Core/Src/main.o
 .debug_macro   0x000000000001e0a2      0x287 Core/Src/main.o
 .debug_macro   0x000000000001e329       0x5f Core/Src/main.o
 .debug_macro   0x000000000001e388      0x236 Core/Src/main.o
 .debug_macro   0x000000000001e5be      0x40f Core/Src/main.o
 .debug_macro   0x000000000001e9cd      0x132 Core/Src/main.o
 .debug_macro   0x000000000001eaff      0x29c Core/Src/main.o
 .debug_macro   0x000000000001ed9b       0x2e Core/Src/main.o
 .debug_macro   0x000000000001edc9      0x11a Core/Src/main.o
 .debug_macro   0x000000000001eee3       0xe8 Core/Src/main.o
 .debug_macro   0x000000000001efcb       0x89 Core/Src/main.o
 .debug_macro   0x000000000001f054      0x287 Core/Src/main.o
 .debug_macro   0x000000000001f2db      0x126 Core/Src/main.o
 .debug_macro   0x000000000001f401       0x58 Core/Src/main.o
 .debug_macro   0x000000000001f459       0x46 Core/Src/main.o
 .debug_macro   0x000000000001f49f       0x18 Core/Src/main.o
 .debug_macro   0x000000000001f4b7       0x3c Core/Src/main.o
 .debug_macro   0x000000000001f4f3       0x34 Core/Src/main.o
 .debug_macro   0x000000000001f527       0x52 Core/Src/main.o
 .debug_macro   0x000000000001f579       0x1f Core/Src/main.o
 .debug_macro   0x000000000001f598       0x43 Core/Src/main.o
 .debug_macro   0x000000000001f5db       0x20 Core/Src/main.o
 .debug_macro   0x000000000001f5fb      0x1a3 Core/Src/main.o
 .debug_macro   0x000000000001f79e      0x32a Core/Src/main.o
 .debug_macro   0x000000000001fac8       0x10 Core/Src/main.o
 .debug_macro   0x000000000001fad8       0x35 Core/Src/main.o
 .debug_macro   0x000000000001fb0d       0x20 Core/Src/main.o
 .debug_macro   0x000000000001fb2d       0x1c Core/Src/main.o
 .debug_macro   0x000000000001fb49       0x10 Core/Src/main.o
 .debug_macro   0x000000000001fb59       0x10 Core/Src/main.o
 .debug_macro   0x000000000001fb69       0x1c Core/Src/main.o
 .debug_macro   0x000000000001fb85       0x52 Core/Src/main.o
 .debug_macro   0x000000000001fbd7       0x40 Core/Src/main.o
 .debug_macro   0x000000000001fc17       0x10 Core/Src/main.o
 .debug_macro   0x000000000001fc27       0x40 Core/Src/main.o
 .debug_macro   0x000000000001fc67       0xd7 Core/Src/main.o
 .debug_macro   0x000000000001fd3e       0x1c Core/Src/main.o
 .debug_macro   0x000000000001fd5a       0x3d Core/Src/main.o
 .debug_macro   0x000000000001fd97       0x16 Core/Src/main.o
 .debug_macro   0x000000000001fdad      0x145 Core/Src/main.o
 .debug_macro   0x000000000001fef2      0x1d3 Core/Src/stm32f4xx_hal_msp.o
 .debug_macro   0x00000000000200c5      0x1dd Core/Src/stm32f4xx_it.o
 .debug_macro   0x00000000000202a2      0x1ca Core/Src/system_stm32f4xx.o
 .debug_macro   0x000000000002046c      0x224 Drivers/STM32F4xx_HAL_Driver/Src/stm32f4xx_hal.o
 .debug_macro   0x0000000000020690      0x1cc Drivers/STM32F4xx_HAL_Driver/Src/stm32f4xx_hal_can.o
 .debug_macro   0x000000000002085c      0x1c4 Drivers/STM32F4xx_HAL_Driver/Src/stm32f4xx_hal_cortex.o
 .debug_macro   0x0000000000020a20      0x1fa Drivers/STM32F4xx_HAL_Driver/Src/stm32f4xx_hal_gpio.o
 .debug_macro   0x0000000000020c1a      0x1e8 Drivers/STM32F4xx_HAL_Driver/Src/stm32f4xx_hal_rcc.o
 .debug_macro   0x0000000000020e02      0x1c4 Drivers/STM32F4xx_HAL_Driver/Src/stm32f4xx_hal_rcc_ex.o
 .debug_macro   0x0000000000020fc6      0x1c5 Drivers/STM32F4xx_HAL_Driver/Src/stm32f4xx_hal_uart.o

.debug_line     0x0000000000000000     0x7ab3
 .debug_line    0x0000000000000000      0xcb1 Core/Src/main.o
 .debug_line    0x0000000000000cb1      0x881 Core/Src/stm32f4xx_hal_msp.o
 .debug_line    0x0000000000001532      0x8c6 Core/Src/stm32f4xx_it.o
 .debug_line    0x0000000000001df8      0x83d Core/Src/system_stm32f4xx.o
 .debug_line    0x0000000000002635       0x86 Core/Startup/startup_stm32f446retx.o
 .debug_line    0x00000000000026bb      0xa27 Drivers/STM32F4xx_HAL_Driver/Src/stm32f4xx_hal.o
 .debug_line    0x00000000000030e2      0xcd0 Drivers/STM32F4xx_HAL_Driver/Src/stm32f4xx_hal_can.o
 .debug_line    0x0000000000003db2      0xb4b Drivers/STM32F4xx_HAL_Driver/Src/stm32f4xx_hal_cortex.o
 .debug_line    0x00000000000048fd      0x9f2 Drivers/STM32F4xx_HAL_Driver/Src/stm32f4xx_hal_gpio.o
 .debug_line    0x00000000000052ef      0xa7f Drivers/STM32F4xx_HAL_Driver/Src/stm32f4xx_hal_rcc.o
 .debug_line    0x0000000000005d6e      0xc10 Drivers/STM32F4xx_HAL_Driver/Src/stm32f4xx_hal_rcc_ex.o
 .debug_line    0x000000000000697e     0x1135 Drivers/STM32F4xx_HAL_Driver/Src/stm32f4xx_hal_uart.o

.debug_str      0x0000000000000000    0xc9e60
 .debug_str     0x0000000000000000    0xc7c19 Core/Src/main.o
                                      0xc7f95 (size before relaxing)
 .debug_str     0x00000000000c7c19       0x7d Core/Src/stm32f4xx_hal_msp.o
                                      0xc3ca8 (size before relaxing)
 .debug_str     0x00000000000c7c96       0xbd Core/Src/stm32f4xx_it.o
                                      0xc350d (size before relaxing)
 .debug_str     0x00000000000c7d53       0xc4 Core/Src/system_stm32f4xx.o
                                      0xc3505 (size before relaxing)
 .debug_str     0x00000000000c7e17       0x36 Core/Startup/startup_stm32f446retx.o
                                         0x72 (size before relaxing)
 .debug_str     0x00000000000c7e4d      0xa8f Drivers/STM32F4xx_HAL_Driver/Src/stm32f4xx_hal.o
                                      0xc4013 (size before relaxing)
 .debug_str     0x00000000000c88dc      0x53b Drivers/STM32F4xx_HAL_Driver/Src/stm32f4xx_hal_can.o
                                      0xc3bd7 (size before relaxing)
 .debug_str     0x00000000000c8e17      0x399 Drivers/STM32F4xx_HAL_Driver/Src/stm32f4xx_hal_cortex.o
                                      0xc3ddd (size before relaxing)
 .debug_str     0x00000000000c91b0      0x20c Drivers/STM32F4xx_HAL_Driver/Src/stm32f4xx_hal_gpio.o
                                      0xc3744 (size before relaxing)
 .debug_str     0x00000000000c93bc      0x259 Drivers/STM32F4xx_HAL_Driver/Src/stm32f4xx_hal_rcc.o
                                      0xc38f7 (size before relaxing)
 .debug_str     0x00000000000c9615      0x324 Drivers/STM32F4xx_HAL_Driver/Src/stm32f4xx_hal_rcc_ex.o
                                      0xc3949 (size before relaxing)
 .debug_str     0x00000000000c9939      0x527 Drivers/STM32F4xx_HAL_Driver/Src/stm32f4xx_hal_uart.o
                                      0xc3d2c (size before relaxing)

.comment        0x0000000000000000       0x7b
 .comment       0x0000000000000000       0x7b Core/Src/main.o
                                         0x7c (size before relaxing)
 .comment       0x000000000000007b       0x7c Core/Src/stm32f4xx_hal_msp.o
 .comment       0x000000000000007b       0x7c Core/Src/stm32f4xx_it.o
 .comment       0x000000000000007b       0x7c Core/Src/system_stm32f4xx.o
 .comment       0x000000000000007b       0x7c Drivers/STM32F4xx_HAL_Driver/Src/stm32f4xx_hal.o
 .comment       0x000000000000007b       0x7c Drivers/STM32F4xx_HAL_Driver/Src/stm32f4xx_hal_can.o
 .comment       0x000000000000007b       0x7c Drivers/STM32F4xx_HAL_Driver/Src/stm32f4xx_hal_cortex.o
 .comment       0x000000000000007b       0x7c Drivers/STM32F4xx_HAL_Driver/Src/stm32f4xx_hal_gpio.o
 .comment       0x000000000000007b       0x7c Drivers/STM32F4xx_HAL_Driver/Src/stm32f4xx_hal_rcc.o
 .comment       0x000000000000007b       0x7c Drivers/STM32F4xx_HAL_Driver/Src/stm32f4xx_hal_rcc_ex.o
 .comment       0x000000000000007b       0x7c Drivers/STM32F4xx_HAL_Driver/Src/stm32f4xx_hal_uart.o

.debug_frame    0x0000000000000000     0x1ed4
 .debug_frame   0x0000000000000000       0xf4 Core/Src/main.o
 .debug_frame   0x00000000000000f4       0xc4 Core/Src/stm32f4xx_hal_msp.o
 .debug_frame   0x00000000000001b8      0x10c Core/Src/stm32f4xx_it.o
 .debug_frame   0x00000000000002c4       0x58 Core/Src/system_stm32f4xx.o
 .debug_frame   0x000000000000031c      0x374 Drivers/STM32F4xx_HAL_Driver/Src/stm32f4xx_hal.o
 .debug_frame   0x0000000000000690      0x5a0 Drivers/STM32F4xx_HAL_Driver/Src/stm32f4xx_hal_can.o
 .debug_frame   0x0000000000000c30      0x498 Drivers/STM32F4xx_HAL_Driver/Src/stm32f4xx_hal_cortex.o
 .debug_frame   0x00000000000010c8      0x14c Drivers/STM32F4xx_HAL_Driver/Src/stm32f4xx_hal_gpio.o
 .debug_frame   0x0000000000001214      0x1f0 Drivers/STM32F4xx_HAL_Driver/Src/stm32f4xx_hal_rcc.o
 .debug_frame   0x0000000000001404      0x1e0 Drivers/STM32F4xx_HAL_Driver/Src/stm32f4xx_hal_rcc_ex.o
 .debug_frame   0x00000000000015e4      0x844 Drivers/STM32F4xx_HAL_Driver/Src/stm32f4xx_hal_uart.o
 .debug_frame   0x0000000000001e28       0x2c z:/softwares/stm32_cube_ide/stm32cubeide_1.0.2/stm32cubeide/plugins/com.st.stm32cube.ide.mcu.externaltools.gnu-tools-for-stm32.7-2018-q2-update.win32_1.0.0.201904181610/tools/bin/../lib/gcc/arm-none-eabi/7.3.1/../../../../arm-none-eabi/lib/thumb/v7e-m/fpv4-sp/hard\libc_nano.a(lib_a-init.o)
 .debug_frame   0x0000000000001e54       0x20 z:/softwares/stm32_cube_ide/stm32cubeide_1.0.2/stm32cubeide/plugins/com.st.stm32cube.ide.mcu.externaltools.gnu-tools-for-stm32.7-2018-q2-update.win32_1.0.0.201904181610/tools/bin/../lib/gcc/arm-none-eabi/7.3.1/../../../../arm-none-eabi/lib/thumb/v7e-m/fpv4-sp/hard\libc_nano.a(lib_a-memset.o)
 .debug_frame   0x0000000000001e74       0x2c z:/softwares/stm32_cube_ide/stm32cubeide_1.0.2/stm32cubeide/plugins/com.st.stm32cube.ide.mcu.externaltools.gnu-tools-for-stm32.7-2018-q2-update.win32_1.0.0.201904181610/tools/bin/../lib/gcc/arm-none-eabi/7.3.1/thumb/v7e-m/fpv4-sp/hard\libgcc.a(_aeabi_uldivmod.o)
 .debug_frame   0x0000000000001ea0       0x34 z:/softwares/stm32_cube_ide/stm32cubeide_1.0.2/stm32cubeide/plugins/com.st.stm32cube.ide.mcu.externaltools.gnu-tools-for-stm32.7-2018-q2-update.win32_1.0.0.201904181610/tools/bin/../lib/gcc/arm-none-eabi/7.3.1/thumb/v7e-m/fpv4-sp/hard\libgcc.a(_udivmoddi4.o)
